main.c:90:5:main	16	static
main.c:194:6:HAL_UART_RxCpltCallback	24	static
main.c:217:6:Convertvalue	32	static
main.c:234:6:FrameUART	8	static
main.c:309:6:CheckUART	32	static
main.c:457:6:IAQcolor	4	static
main.c:483:6:FormInterface	8	static
main.c:514:6:HAL_TIM_PeriodElapsedCallback	16	static
main.c:532:6:SystemClock_Config	88	static
main.c:576:13:MX_I2C1_Init	8	static
main.c:610:13:MX_SPI2_Init	8	static
main.c:648:13:MX_TIM1_Init	80	static
main.c:717:13:MX_TIM2_Init	64	static
main.c:784:13:MX_TIM3_Init	48	static
main.c:837:13:MX_USART1_UART_Init	8	static
main.c:870:13:MX_GPIO_Init	48	static
main.c:915:6:Error_Handler	4	static
