main.c:90:5:main	16	static
main.c:193:6:HAL_UART_RxCpltCallback	24	static
main.c:216:6:Convertvalue	32	static
main.c:233:6:FrameUART	8	static
main.c:308:6:CheckUART	32	static
main.c:451:6:IAQcolor	4	static
main.c:480:6:SystemClock_Config	88	static
main.c:524:13:MX_I2C1_Init	8	static
main.c:558:13:MX_SPI2_Init	8	static
main.c:596:13:MX_TIM1_Init	80	static
main.c:665:13:MX_TIM2_Init	64	static
main.c:732:13:MX_TIM3_Init	48	static
main.c:785:13:MX_USART1_UART_Init	8	static
main.c:818:13:MX_GPIO_Init	48	static
main.c:863:6:Error_Handler	4	static
